00:00:00 - Qt Info: Removing old log file: "Moonlight-1781732149.log"
00:00:00 - Qt Warning: SetProcessDpiAwarenessContext() failed: A operação foi concluída com êxito.
Qt's default DPI awareness context is DPI_AWARENESS_CONTEXT_PER_MONITOR_AWARE_V2. If you know what you are doing, you can overwrite this default using qt.conf (https://doc.qt.io/qt-6/highdpi.html#configuring-windows).
00:00:00 - SDL Info (0): Compiled with SDL 2.31.0
00:00:00 - SDL Info (0): Running with SDL 2.31.0
00:00:00 - Qt Info: Successfully loaded translation for "pt_BR"
00:00:00 - Qt Warning: qrc:/gui/main.qml:13:1: QML ApplicationWindow: ToolTip must be attached to an Item
00:00:00 - Qt Info: Found "gamecontrollerdb.txt" at "C:/Users/filip/Desktop/Vectra/src/dependence/MoonlightPortable-x64-6.1.0/cache/gamecontrollerdb.txt"
00:00:00 - SDL Info (0): Loaded 574 new gamepad mappings
00:00:00 - SDL Info (0): V-sync disabled
00:00:00 - SDL Info (0): Detected GPU 0: NVIDIA GeForce RTX 4070 SUPER (10de:2783)
00:00:00 - SDL Info (0): Decoder texture access: copy (fence: no)
00:00:00 - Qt Info: Found "d3d11_vertex.fxc" at ":/data/d3d11_vertex.fxc"
00:00:00 - Qt Info: Found "d3d11_overlay_pixel.fxc" at ":/data/d3d11_overlay_pixel.fxc"
00:00:00 - Qt Info: Found "d3d11_genyuv_pixel.fxc" at ":/data/d3d11_genyuv_pixel.fxc"
00:00:00 - Qt Info: Found "d3d11_bt601lim_pixel.fxc" at ":/data/d3d11_bt601lim_pixel.fxc"
00:00:00 - Qt Info: Found "d3d11_bt2020lim_pixel.fxc" at ":/data/d3d11_bt2020lim_pixel.fxc"
00:00:00 - Qt Info: Found "d3d11_ayuv_pixel.fxc" at ":/data/d3d11_ayuv_pixel.fxc"
00:00:00 - Qt Info: Found "d3d11_y410_pixel.fxc" at ":/data/d3d11_y410_pixel.fxc"
00:00:00 - SDL Info (0): Using D3D11VA accelerated renderer
00:00:00 - FFmpeg: [hevc @ 000001BCF8539D40] nal_unit_type: 32(VPS), nuh_layer_id: 0, temporal_id: 0
00:00:00 - FFmpeg: [hevc @ 000001BCF8539D40] nal_unit_type: 33(SPS), nuh_layer_id: 0, temporal_id: 0
00:00:00 - FFmpeg: [hevc @ 000001BCF8539D40] nal_unit_type: 34(PPS), nuh_layer_id: 0, temporal_id: 0
00:00:00 - FFmpeg: [hevc @ 000001BCF8539D40] nal_unit_type: 21(CRA_NUT), nuh_layer_id: 0, temporal_id: 0
00:00:00 - FFmpeg: [hevc @ 000001BCF8539D40] nal_unit_type: 21(CRA_NUT), nuh_layer_id: 0, temporal_id: 0
00:00:00 - FFmpeg: [hevc @ 000001BCF8539D40] nal_unit_type: 21(CRA_NUT), nuh_layer_id: 0, temporal_id: 0
00:00:00 - FFmpeg: [hevc @ 000001BCF8539D40] nal_unit_type: 21(CRA_NUT), nuh_layer_id: 0, temporal_id: 0
00:00:00 - FFmpeg: [hevc @ 000001BCF8539D40] Decoding VPS
00:00:00 - FFmpeg: [hevc @ 000001BCF8539D40] Main 10 profile bitstream
00:00:00 - FFmpeg: [hevc @ 000001BCF8539D40] Decoding SPS
00:00:00 - FFmpeg: [hevc @ 000001BCF8539D40] Main 10 profile bitstream
00:00:00 - FFmpeg: [hevc @ 000001BCF8539D40] Decoding VUI
00:00:00 - FFmpeg: [hevc @ 000001BCF8539D40] Decoding PPS
00:00:00 - FFmpeg: [hevc @ 000001BCF8539D40] Format d3d11 chosen by get_format().
00:00:00 - FFmpeg: [hevc @ 000001BCF8539D40] Format d3d11 requires hwaccel hevc_d3d11va2 initialisation.
00:00:00 - FFmpeg: [hevc @ 000001BCF8539D40] Decoder GUIDs reported as supported:
00:00:00 - FFmpeg: [hevc @ 000001BCF8539D40] {86695f12-340e-4f04-9fd3-9253dd327460} 103 106
00:00:00 - FFmpeg: [hevc @ 000001BCF8539D40] {ee27417f-5e28-4e65-beea-1d26b508adc9} 103 106
00:00:00 - FFmpeg: [hevc @ 000001BCF8539D40] {6f3ec719-3735-42cc-8063-65cc3cb36616} 103 106
00:00:00 - FFmpeg: [hevc @ 000001BCF8539D40] {1b81bea4-a0c7-11d3-b984-00c04f2e73c5} 103 106
00:00:00 - FFmpeg: [hevc @ 000001BCF8539D40] {1b81bea3-a0c7-11d3-b984-00c04f2e73c5} 103 106
00:00:00 - FFmpeg: [hevc @ 000001BCF8539D40] {32fcfe3f-de46-4a49-861b-ac71110649d5} 103 106
00:00:00 - FFmpeg: [hevc @ 000001BCF8539D40] {d79be8da-0cf1-4c81-b82a-69a4e236f43d} 103 106
00:00:00 - FFmpeg: [hevc @ 000001BCF8539D40] {f9aaccbb-c2b6-4cfc-8779-5707b1760552} 103 106
00:00:00 - FFmpeg: [hevc @ 000001BCF8539D40] {1b81be68-a0c7-11d3-b984-00c04f2e73c5} 103 106
00:00:00 - FFmpeg: [hevc @ 000001BCF8539D40] {5b11d51b-2f4c-4452-bcc3-09f2a1160cc0} 103 106
00:00:00 - FFmpeg: [hevc @ 000001BCF8539D40] {107af0e0-ef1a-4d19-aba8-67a163073d13} 104 106
00:00:00 - FFmpeg: [hevc @ 000001BCF8539D40] {1a72925f-0c2c-4f15-96fb-b17d1473603f} 104 106
00:00:00 - FFmpeg: [hevc @ 000001BCF8539D40] {15df9b21-06c4-47f1-841e-a67c97d7f312} 103 106
00:00:00 - FFmpeg: [hevc @ 000001BCF8539D40] {4008018f-f537-4b36-98cf-61af8a2c1a33} 100 106
00:00:00 - FFmpeg: [hevc @ 000001BCF8539D40] {0dabeffa-4458-4602-bc03-0795659d617c} 101 106
00:00:00 - FFmpeg: [hevc @ 000001BCF8539D40] {9798634d-fe9d-48e5-b4da-dbec45b3df01} 102 106
00:00:00 - FFmpeg: [hevc @ 000001BCF8539D40] {efd64d74-c9e8-41d7-a5e9-e9b0e39fa319} 103 106
00:00:00 - FFmpeg: [hevc @ 000001BCF8539D40] {ed418a9f-010d-4eda-9ae3-9a65358d8d2e} 103 106
00:00:00 - FFmpeg: [hevc @ 000001BCF8539D40] {9947ec6f-689b-11dc-a320-0019dbbc4184} 103 106
00:00:00 - FFmpeg: [hevc @ 000001BCF8539D40] {33fcfe41-de46-4a49-861b-ac71110649d5} 103 106 107
00:00:00 - FFmpeg: [hevc @ 000001BCF8539D40] {463707f8-a1d0-4585-876d-83aa6d60b89e} 103 106
00:00:00 - FFmpeg: [hevc @ 000001BCF8539D40] {a4c749ef-6ecf-48aa-8448-50a7a1165ff7} 104 106
00:00:00 - FFmpeg: [hevc @ 000001BCF8539D40] {dda19dc7-93b5-49f5-a9b3-2bda28a2ce6e} 104 106
00:00:00 - FFmpeg: [hevc @ 000001BCF8539D40] {b8be4ccb-cf53-46ba-8d59-d6b8a6da5d2a} 103 104 106
00:00:00 - FFmpeg: [hevc @ 000001BCF8539D40] {6affd11e-1d96-42b1-a215-93a31f09a53d} 103 106
00:00:00 - FFmpeg: [hevc @ 000001BCF8539D40] {914c84a3-4078-4fa9-984c-e2f262cb5c9c} 103 106
00:00:00 - FFmpeg: [hevc @ 000001BCF8539D40] {8a1a1031-29bc-46d0-a007-e9b092ca6767} 103 106
00:00:00 - FFmpeg: [hevc @ 000001BCF8539D40] Output frame with POC 3.
00:00:00 - SDL Info (0): FFmpeg-based video decoder chosen
00:00:00 - Qt Info: Found "gamecontrollerdb.txt" at "C:/Users/filip/Desktop/Vectra/src/dependence/MoonlightPortable-x64-6.1.0/cache/gamecontrollerdb.txt"
00:00:00 - SDL Info (0): Loaded 574 new gamepad mappings
00:00:00 - Qt Debug: Current Moonlight version: "6.1.0"
00:00:01 - Qt Info: Gamepad mappings are up to date
00:00:01 - Qt Info: Latest supported GFE server: "99.99.99.99"
00:00:01 - Qt Debug: Found update manifest match for current platform
00:00:01 - Qt Debug: Latest version of Moonlight for this platform is: "6.1.0"
00:00:01 - Qt Debug: Update manifest version equal to current version
00:00:01 - Qt Info: "Pedro" is now online at "100.102.133.24:47989"
00:00:09 - Qt Info: Found "ModeSeven.ttf" at ":/data/ModeSeven.ttf"
00:00:09 - SDL Info (0): Qt UI screen is at (0,0)
00:00:09 - SDL Info (0): SDL found matching display 0
00:00:09 - Qt Info: Server GPU: ""
00:00:09 - Qt Info: Server GFE version: "3.23.0.74"
00:00:09 - SDL Info (0): Video bitrate: 10000 kbps
00:00:09 - SDL Info (0): Desired audio buffer: 720 samples (5760 bytes)
00:00:09 - SDL Info (0): Obtained audio buffer: 720 samples (5760 bytes)
00:00:09 - SDL Info (0): SDL audio driver: wasapi
00:00:09 - SDL Info (0): Audio channel count: 2
00:00:09 - SDL Info (0): Audio channel mask: 3
00:00:09 - SDL Info (0): V-sync disabled
00:00:09 - SDL Info (0): Detected GPU 0: NVIDIA GeForce RTX 4070 SUPER (10de:2783)
00:00:09 - SDL Info (0): Decoder texture access: copy (fence: no)
00:00:09 - Qt Info: Found "d3d11_vertex.fxc" at ":/data/d3d11_vertex.fxc"
00:00:09 - Qt Info: Found "d3d11_overlay_pixel.fxc" at ":/data/d3d11_overlay_pixel.fxc"
00:00:09 - Qt Info: Found "d3d11_genyuv_pixel.fxc" at ":/data/d3d11_genyuv_pixel.fxc"
00:00:09 - Qt Info: Found "d3d11_bt601lim_pixel.fxc" at ":/data/d3d11_bt601lim_pixel.fxc"
00:00:09 - Qt Info: Found "d3d11_bt2020lim_pixel.fxc" at ":/data/d3d11_bt2020lim_pixel.fxc"
00:00:09 - Qt Info: Found "d3d11_ayuv_pixel.fxc" at ":/data/d3d11_ayuv_pixel.fxc"
00:00:09 - Qt Info: Found "d3d11_y410_pixel.fxc" at ":/data/d3d11_y410_pixel.fxc"
00:00:09 - SDL Info (0): Using D3D11VA accelerated renderer
00:00:09 - FFmpeg: [hevc @ 000001BCF853CD00] nal_unit_type: 32(VPS), nuh_layer_id: 0, temporal_id: 0
00:00:09 - FFmpeg: [hevc @ 000001BCF853CD00] nal_unit_type: 33(SPS), nuh_layer_id: 0, temporal_id: 0
00:00:09 - FFmpeg: [hevc @ 000001BCF853CD00] nal_unit_type: 34(PPS), nuh_layer_id: 0, temporal_id: 0
00:00:09 - FFmpeg: [hevc @ 000001BCF853CD00] nal_unit_type: 21(CRA_NUT), nuh_layer_id: 0, temporal_id: 0
00:00:09 - FFmpeg: [hevc @ 000001BCF853CD00] Decoding VPS
00:00:09 - FFmpeg: [hevc @ 000001BCF853CD00] Main profile bitstream
00:00:09 - FFmpeg: [hevc @ 000001BCF853CD00] Decoding SPS
00:00:09 - FFmpeg: [hevc @ 000001BCF853CD00] Main profile bitstream
00:00:09 - FFmpeg: [hevc @ 000001BCF853CD00] Decoding VUI
00:00:09 - FFmpeg: [hevc @ 000001BCF853CD00] Decoding PPS
00:00:09 - FFmpeg: [hevc @ 000001BCF853CD00] Format d3d11 chosen by get_format().
00:00:09 - FFmpeg: [hevc @ 000001BCF853CD00] Format d3d11 requires hwaccel hevc_d3d11va2 initialisation.
00:00:09 - FFmpeg: [hevc @ 000001BCF853CD00] Decoder GUIDs reported as supported:
00:00:09 - FFmpeg: [hevc @ 000001BCF853CD00] {86695f12-340e-4f04-9fd3-9253dd327460} 103 106
00:00:09 - FFmpeg: [hevc @ 000001BCF853CD00] {ee27417f-5e28-4e65-beea-1d26b508adc9} 103 106
00:00:09 - FFmpeg: [hevc @ 000001BCF853CD00] {6f3ec719-3735-42cc-8063-65cc3cb36616} 103 106
00:00:09 - FFmpeg: [hevc @ 000001BCF853CD00] {1b81bea4-a0c7-11d3-b984-00c04f2e73c5} 103 106
00:00:09 - FFmpeg: [hevc @ 000001BCF853CD00] {1b81bea3-a0c7-11d3-b984-00c04f2e73c5} 103 106
00:00:09 - FFmpeg: [hevc @ 000001BCF853CD00] {32fcfe3f-de46-4a49-861b-ac71110649d5} 103 106
00:00:09 - FFmpeg: [hevc @ 000001BCF853CD00] {d79be8da-0cf1-4c81-b82a-69a4e236f43d} 103 106
00:00:09 - FFmpeg: [hevc @ 000001BCF853CD00] {f9aaccbb-c2b6-4cfc-8779-5707b1760552} 103 106
00:00:09 - FFmpeg: [hevc @ 000001BCF853CD00] {1b81be68-a0c7-11d3-b984-00c04f2e73c5} 103 106
00:00:09 - FFmpeg: [hevc @ 000001BCF853CD00] {5b11d51b-2f4c-4452-bcc3-09f2a1160cc0} 103 106
00:00:09 - FFmpeg: [hevc @ 000001BCF853CD00] {107af0e0-ef1a-4d19-aba8-67a163073d13} 104 106
00:00:09 - FFmpeg: [hevc @ 000001BCF853CD00] {1a72925f-0c2c-4f15-96fb-b17d1473603f} 104 106
00:00:09 - FFmpeg: [hevc @ 000001BCF853CD00] {15df9b21-06c4-47f1-841e-a67c97d7f312} 103 106
00:00:09 - FFmpeg: [hevc @ 000001BCF853CD00] {4008018f-f537-4b36-98cf-61af8a2c1a33} 100 106
00:00:09 - FFmpeg: [hevc @ 000001BCF853CD00] {0dabeffa-4458-4602-bc03-0795659d617c} 101 106
00:00:09 - FFmpeg: [hevc @ 000001BCF853CD00] {9798634d-fe9d-48e5-b4da-dbec45b3df01} 102 106
00:00:09 - FFmpeg: [hevc @ 000001BCF853CD00] {efd64d74-c9e8-41d7-a5e9-e9b0e39fa319} 103 106
00:00:09 - FFmpeg: [hevc @ 000001BCF853CD00] {ed418a9f-010d-4eda-9ae3-9a65358d8d2e} 103 106
00:00:09 - FFmpeg: [hevc @ 000001BCF853CD00] {9947ec6f-689b-11dc-a320-0019dbbc4184} 103 106
00:00:09 - FFmpeg: [hevc @ 000001BCF853CD00] {33fcfe41-de46-4a49-861b-ac71110649d5} 103 106 107
00:00:09 - FFmpeg: [hevc @ 000001BCF853CD00] {463707f8-a1d0-4585-876d-83aa6d60b89e} 103 106
00:00:09 - FFmpeg: [hevc @ 000001BCF853CD00] {a4c749ef-6ecf-48aa-8448-50a7a1165ff7} 104 106
00:00:09 - FFmpeg: [hevc @ 000001BCF853CD00] {dda19dc7-93b5-49f5-a9b3-2bda28a2ce6e} 104 106
00:00:09 - FFmpeg: [hevc @ 000001BCF853CD00] {b8be4ccb-cf53-46ba-8d59-d6b8a6da5d2a} 103 104 106
00:00:09 - FFmpeg: [hevc @ 000001BCF853CD00] {6affd11e-1d96-42b1-a215-93a31f09a53d} 103 106
00:00:09 - FFmpeg: [hevc @ 000001BCF853CD00] {914c84a3-4078-4fa9-984c-e2f262cb5c9c} 103 106
00:00:09 - FFmpeg: [hevc @ 000001BCF853CD00] {8a1a1031-29bc-46d0-a007-e9b092ca6767} 103 106
00:00:09 - FFmpeg: [hevc @ 000001BCF853CD00] Output frame with POC 3.
00:00:09 - SDL Info (0): FFmpeg-based video decoder chosen
00:00:09 - SDL Info (0): Desired audio buffer: 720 samples (5760 bytes)
00:00:09 - SDL Info (0): Obtained audio buffer: 720 samples (5760 bytes)
00:00:09 - SDL Info (0): SDL audio driver: wasapi
00:00:09 - Qt Info: Found "gamecontrollerdb.txt" at "C:/Users/filip/Desktop/Vectra/src/dependence/MoonlightPortable-x64-6.1.0/cache/gamecontrollerdb.txt"
00:00:09 - SDL Info (0): Loaded 574 new gamepad mappings
00:00:09 - SDL Info (0): V-sync disabled
00:00:09 - SDL Info (0): Detected GPU 0: NVIDIA GeForce RTX 4070 SUPER (10de:2783)
00:00:09 - SDL Info (0): Decoder texture access: copy (fence: no)
00:00:09 - Qt Info: Found "d3d11_vertex.fxc" at ":/data/d3d11_vertex.fxc"
00:00:09 - Qt Info: Found "d3d11_overlay_pixel.fxc" at ":/data/d3d11_overlay_pixel.fxc"
00:00:09 - Qt Info: Found "d3d11_genyuv_pixel.fxc" at ":/data/d3d11_genyuv_pixel.fxc"
00:00:09 - Qt Info: Found "d3d11_bt601lim_pixel.fxc" at ":/data/d3d11_bt601lim_pixel.fxc"
00:00:09 - Qt Info: Found "d3d11_bt2020lim_pixel.fxc" at ":/data/d3d11_bt2020lim_pixel.fxc"
00:00:09 - Qt Info: Found "d3d11_ayuv_pixel.fxc" at ":/data/d3d11_ayuv_pixel.fxc"
00:00:09 - Qt Info: Found "d3d11_y410_pixel.fxc" at ":/data/d3d11_y410_pixel.fxc"
00:00:09 - SDL Info (0): Using D3D11VA accelerated renderer
00:00:09 - FFmpeg: [hevc @ 000001BCF853B340] nal_unit_type: 32(VPS), nuh_layer_id: 0, temporal_id: 0
00:00:09 - FFmpeg: [hevc @ 000001BCF853B340] nal_unit_type: 33(SPS), nuh_layer_id: 0, temporal_id: 0
00:00:09 - FFmpeg: [hevc @ 000001BCF853B340] nal_unit_type: 34(PPS), nuh_layer_id: 0, temporal_id: 0
00:00:09 - FFmpeg: [hevc @ 000001BCF853B340] nal_unit_type: 21(CRA_NUT), nuh_layer_id: 0, temporal_id: 0
00:00:09 - FFmpeg: [hevc @ 000001BCF853B340] Decoding VPS
00:00:09 - FFmpeg: [hevc @ 000001BCF853B340] Main profile bitstream
00:00:09 - FFmpeg: [hevc @ 000001BCF853B340] Decoding SPS
00:00:09 - FFmpeg: [hevc @ 000001BCF853B340] Main profile bitstream
00:00:09 - FFmpeg: [hevc @ 000001BCF853B340] Decoding VUI
00:00:09 - FFmpeg: [hevc @ 000001BCF853B340] Decoding PPS
00:00:09 - FFmpeg: [hevc @ 000001BCF853B340] Format d3d11 chosen by get_format().
00:00:09 - FFmpeg: [hevc @ 000001BCF853B340] Format d3d11 requires hwaccel hevc_d3d11va2 initialisation.
00:00:09 - FFmpeg: [hevc @ 000001BCF853B340] Decoder GUIDs reported as supported:
00:00:09 - FFmpeg: [hevc @ 000001BCF853B340] {86695f12-340e-4f04-9fd3-9253dd327460} 103 106
00:00:09 - FFmpeg: [hevc @ 000001BCF853B340] {ee27417f-5e28-4e65-beea-1d26b508adc9} 103 106
00:00:09 - FFmpeg: [hevc @ 000001BCF853B340] {6f3ec719-3735-42cc-8063-65cc3cb36616} 103 106
00:00:09 - FFmpeg: [hevc @ 000001BCF853B340] {1b81bea4-a0c7-11d3-b984-00c04f2e73c5} 103 106
00:00:09 - FFmpeg: [hevc @ 000001BCF853B340] {1b81bea3-a0c7-11d3-b984-00c04f2e73c5} 103 106
00:00:09 - FFmpeg: [hevc @ 000001BCF853B340] {32fcfe3f-de46-4a49-861b-ac71110649d5} 103 106
00:00:09 - FFmpeg: [hevc @ 000001BCF853B340] {d79be8da-0cf1-4c81-b82a-69a4e236f43d} 103 106
00:00:09 - FFmpeg: [hevc @ 000001BCF853B340] {f9aaccbb-c2b6-4cfc-8779-5707b1760552} 103 106
00:00:09 - FFmpeg: [hevc @ 000001BCF853B340] {1b81be68-a0c7-11d3-b984-00c04f2e73c5} 103 106
00:00:09 - FFmpeg: [hevc @ 000001BCF853B340] {5b11d51b-2f4c-4452-bcc3-09f2a1160cc0} 103 106
00:00:09 - FFmpeg: [hevc @ 000001BCF853B340] {107af0e0-ef1a-4d19-aba8-67a163073d13} 104 106
00:00:09 - FFmpeg: [hevc @ 000001BCF853B340] {1a72925f-0c2c-4f15-96fb-b17d1473603f} 104 106
00:00:09 - FFmpeg: [hevc @ 000001BCF853B340] {15df9b21-06c4-47f1-841e-a67c97d7f312} 103 106
00:00:09 - FFmpeg: [hevc @ 000001BCF853B340] {4008018f-f537-4b36-98cf-61af8a2c1a33} 100 106
00:00:09 - FFmpeg: [hevc @ 000001BCF853B340] {0dabeffa-4458-4602-bc03-0795659d617c} 101 106
00:00:09 - FFmpeg: [hevc @ 000001BCF853B340] {9798634d-fe9d-48e5-b4da-dbec45b3df01} 102 106
00:00:09 - FFmpeg: [hevc @ 000001BCF853B340] {efd64d74-c9e8-41d7-a5e9-e9b0e39fa319} 103 106
00:00:09 - FFmpeg: [hevc @ 000001BCF853B340] {ed418a9f-010d-4eda-9ae3-9a65358d8d2e} 103 106
00:00:09 - FFmpeg: [hevc @ 000001BCF853B340] {9947ec6f-689b-11dc-a320-0019dbbc4184} 103 106
00:00:09 - FFmpeg: [hevc @ 000001BCF853B340] {33fcfe41-de46-4a49-861b-ac71110649d5} 103 106 107
00:00:09 - FFmpeg: [hevc @ 000001BCF853B340] {463707f8-a1d0-4585-876d-83aa6d60b89e} 103 106
00:00:09 - FFmpeg: [hevc @ 000001BCF853B340] {a4c749ef-6ecf-48aa-8448-50a7a1165ff7} 104 106
00:00:09 - FFmpeg: [hevc @ 000001BCF853B340] {dda19dc7-93b5-49f5-a9b3-2bda28a2ce6e} 104 106
00:00:09 - FFmpeg: [hevc @ 000001BCF853B340] {b8be4ccb-cf53-46ba-8d59-d6b8a6da5d2a} 103 104 106
00:00:09 - FFmpeg: [hevc @ 000001BCF853B340] {6affd11e-1d96-42b1-a215-93a31f09a53d} 103 106
00:00:09 - FFmpeg: [hevc @ 000001BCF853B340] {914c84a3-4078-4fa9-984c-e2f262cb5c9c} 103 106
00:00:09 - FFmpeg: [hevc @ 000001BCF853B340] {8a1a1031-29bc-46d0-a007-e9b092ca6767} 103 106
00:00:09 - FFmpeg: [hevc @ 000001BCF853B340] Output frame with POC 3.
00:00:09 - SDL Info (0): FFmpeg-based video decoder chosen
00:00:09 - Qt Info: Found "gamecontrollerdb.txt" at "C:/Users/filip/Desktop/Vectra/src/dependence/MoonlightPortable-x64-6.1.0/cache/gamecontrollerdb.txt"
00:00:09 - SDL Info (0): Loaded 574 new gamepad mappings
00:00:11 - Qt Info: Executing request: "https://100.102.133.24:47984/resume?uniqueid=0123456789ABCDEF&uuid=d78324a8563e4b45bb8e620a8e2126f2&appid=881448767&mode=1280x720x60&additionalStates=1&sops=1&rikey=REDACTED&rikeyid=REDACTED&localAudioPlayMode=0&surroundAudioInfo=196610&remoteControllersBitmap=1&gcmap=1&gcpersist=0&corever=1"
00:00:11 - Qt Info: Launch response: "<?xml version=\"1.0\" encoding=\"utf-8\"?>\n<root status_code=\"200\"><sessionUrl0>rtspenc://100.102.133.24:48010</sessionUrl0><resume>1</resume></root>"
00:00:11 - Qt Info: Found matching interface: "Tailscale" "" QFlags<QNetworkInterface::InterfaceFlag>(IsUp|IsRunning|CanBroadcast|CanMulticast)
00:00:11 - Qt Info: Interface Type: QNetworkInterface::Unknown
00:00:11 - Qt Info: Interface MTU: 1280
00:00:11 - SDL Info (0): RTSP port: 48010
00:00:11 - SDL Info (0): Initializing platform...
00:00:11 - SDL Info (0): done
00:00:11 - SDL Info (0): Resolving host name...
00:00:11 - SDL Info (0): done
00:00:11 - SDL Info (0): Initializing audio stream...
00:00:11 - SDL Info (0): done
00:00:11 - SDL Info (0): Starting RTSP handshake...
00:00:11 - SDL Info (0): Reference frame invalidation is not supported by this host
00:00:11 - SDL Info (0): Audio port: 48000
00:00:11 - SDL Info (0): Video port: 47998
00:00:11 - SDL Info (0): Control port: 47999
00:00:12 - SDL Info (0): done
00:00:12 - SDL Info (0): Initializing control stream...
00:00:12 - SDL Info (0): done
00:00:12 - SDL Info (0): Initializing video stream...
00:00:12 - SDL Info (0): done
00:00:12 - SDL Info (0): Initializing input stream...
00:00:12 - SDL Info (0): done
00:00:12 - SDL Info (0): Starting control stream...
00:00:12 - SDL Info (0): done
00:00:12 - SDL Info (0): Starting video stream...
00:00:12 - SDL Info (0): Video stream is 1280x720x60 (format 0x100)
00:00:12 - SDL Info (0): done
00:00:12 - SDL Info (0): Starting audio stream...
00:00:12 - SDL Info (0): Desired audio buffer: 720 samples (5760 bytes)
00:00:12 - SDL Info (0): Obtained audio buffer: 720 samples (5760 bytes)
00:00:12 - SDL Info (0): SDL audio driver: wasapi
00:00:12 - SDL Info (0): Audio stream has 2 channels
00:00:12 - SDL Info (0): done
00:00:12 - SDL Info (0): Starting input stream...
00:00:12 - SDL Info (0): done
00:00:12 - SDL Info (0): Qt UI screen is at (0,0)
00:00:12 - SDL Info (0): SDL found matching display 0
00:00:12 - SDL Info (0): Found display mode with desktop resolution: 1920x1080x360
00:00:12 - SDL Info (0): Found display mode with desktop resolution: 1920x1080x300
00:00:12 - SDL Info (0): Found display mode with desktop resolution: 1920x1080x240
00:00:12 - SDL Info (0): Found display mode with desktop resolution: 1920x1080x120
00:00:12 - SDL Info (0): Found display mode with desktop resolution: 1920x1080x60
00:00:12 - SDL Info (0): Received first audio packet after 100 ms
00:00:12 - SDL Info (0): Initial audio resync period: 500 milliseconds
00:00:12 - SDL Info (0): Gamepad 0 (player 0) is: (8BitDo Ultimate wireless Controller for PC) (VID/PID: 0x2dc8/0x3106) (haptic capabilities: 0x10000) (mapping: 030059a2c82d00000631000000007200 -> 030059a2c82d00000631000000007200,*,a:b0,b:b1,x:b2,y:b3,back:b6,guide:b10,start:b7,leftstick:b8,rightstick:b9,leftshoulder:b4,rightshoulder:b5,dpup:h0.1,dpdown:h0.4,dpleft:h0.8,dpright:h0.2,leftx:a0,lefty:a1,rightx:a2,righty:a3,lefttrigger:a4,righttrigger:a5,crc:a259,platform:Windows)
00:00:12 - SDL Info (0): Recreating renderer for window event: 1 (0 0)
00:00:12 - SDL Info (0): V-sync enabled
00:00:12 - SDL Info (0): Detected GPU 0: NVIDIA GeForce RTX 4070 SUPER (10de:2783)
00:00:12 - SDL Info (0): Decoder texture access: copy (fence: no)
00:00:12 - Qt Info: Found "d3d11_vertex.fxc" at ":/data/d3d11_vertex.fxc"
00:00:12 - Qt Info: Found "d3d11_overlay_pixel.fxc" at ":/data/d3d11_overlay_pixel.fxc"
00:00:12 - Qt Info: Found "d3d11_genyuv_pixel.fxc" at ":/data/d3d11_genyuv_pixel.fxc"
00:00:12 - Qt Info: Found "d3d11_bt601lim_pixel.fxc" at ":/data/d3d11_bt601lim_pixel.fxc"
00:00:12 - Qt Info: Found "d3d11_bt2020lim_pixel.fxc" at ":/data/d3d11_bt2020lim_pixel.fxc"
00:00:12 - Qt Info: Found "d3d11_ayuv_pixel.fxc" at ":/data/d3d11_ayuv_pixel.fxc"
00:00:12 - Qt Info: Found "d3d11_y410_pixel.fxc" at ":/data/d3d11_y410_pixel.fxc"
00:00:12 - SDL Info (0): Using D3D11VA accelerated renderer
00:00:12 - FFmpeg: [hevc @ 000001BCF853CD00] nal_unit_type: 32(VPS), nuh_layer_id: 0, temporal_id: 0
00:00:12 - FFmpeg: [hevc @ 000001BCF853CD00] nal_unit_type: 33(SPS), nuh_layer_id: 0, temporal_id: 0
00:00:12 - FFmpeg: [hevc @ 000001BCF853CD00] nal_unit_type: 34(PPS), nuh_layer_id: 0, temporal_id: 0
00:00:12 - FFmpeg: [hevc @ 000001BCF853CD00] nal_unit_type: 21(CRA_NUT), nuh_layer_id: 0, temporal_id: 0
00:00:12 - FFmpeg: [hevc @ 000001BCF853CD00] Decoding VPS
00:00:12 - FFmpeg: [hevc @ 000001BCF853CD00] Main profile bitstream
00:00:12 - FFmpeg: [hevc @ 000001BCF853CD00] Decoding SPS
00:00:12 - FFmpeg: [hevc @ 000001BCF853CD00] Main profile bitstream
00:00:12 - FFmpeg: [hevc @ 000001BCF853CD00] Decoding VUI
00:00:12 - FFmpeg: [hevc @ 000001BCF853CD00] Decoding PPS
00:00:12 - FFmpeg: [hevc @ 000001BCF853CD00] Format d3d11 chosen by get_format().
00:00:12 - FFmpeg: [hevc @ 000001BCF853CD00] Format d3d11 requires hwaccel hevc_d3d11va2 initialisation.
00:00:12 - FFmpeg: [hevc @ 000001BCF853CD00] Decoder GUIDs reported as supported:
00:00:12 - FFmpeg: [hevc @ 000001BCF853CD00] {86695f12-340e-4f04-9fd3-9253dd327460} 103 106
00:00:12 - FFmpeg: [hevc @ 000001BCF853CD00] {ee27417f-5e28-4e65-beea-1d26b508adc9} 103 106
00:00:12 - FFmpeg: [hevc @ 000001BCF853CD00] {6f3ec719-3735-42cc-8063-65cc3cb36616} 103 106
00:00:12 - FFmpeg: [hevc @ 000001BCF853CD00] {1b81bea4-a0c7-11d3-b984-00c04f2e73c5} 103 106
00:00:12 - FFmpeg: [hevc @ 000001BCF853CD00] {1b81bea3-a0c7-11d3-b984-00c04f2e73c5} 103 106
00:00:12 - FFmpeg: [hevc @ 000001BCF853CD00] {32fcfe3f-de46-4a49-861b-ac71110649d5} 103 106
00:00:12 - FFmpeg: [hevc @ 000001BCF853CD00] {d79be8da-0cf1-4c81-b82a-69a4e236f43d} 103 106
00:00:12 - FFmpeg: [hevc @ 000001BCF853CD00] {f9aaccbb-c2b6-4cfc-8779-5707b1760552} 103 106
00:00:12 - FFmpeg: [hevc @ 000001BCF853CD00] {1b81be68-a0c7-11d3-b984-00c04f2e73c5} 103 106
00:00:12 - FFmpeg: [hevc @ 000001BCF853CD00] {5b11d51b-2f4c-4452-bcc3-09f2a1160cc0} 103 106
00:00:12 - FFmpeg: [hevc @ 000001BCF853CD00] {107af0e0-ef1a-4d19-aba8-67a163073d13} 104 106
00:00:12 - FFmpeg: [hevc @ 000001BCF853CD00] {1a72925f-0c2c-4f15-96fb-b17d1473603f} 104 106
00:00:12 - FFmpeg: [hevc @ 000001BCF853CD00] {15df9b21-06c4-47f1-841e-a67c97d7f312} 103 106
00:00:12 - FFmpeg: [hevc @ 000001BCF853CD00] {4008018f-f537-4b36-98cf-61af8a2c1a33} 100 106
00:00:12 - FFmpeg: [hevc @ 000001BCF853CD00] {0dabeffa-4458-4602-bc03-0795659d617c} 101 106
00:00:12 - FFmpeg: [hevc @ 000001BCF853CD00] {9798634d-fe9d-48e5-b4da-dbec45b3df01} 102 106
00:00:12 - FFmpeg: [hevc @ 000001BCF853CD00] {efd64d74-c9e8-41d7-a5e9-e9b0e39fa319} 103 106
00:00:12 - FFmpeg: [hevc @ 000001BCF853CD00] {ed418a9f-010d-4eda-9ae3-9a65358d8d2e} 103 106
00:00:12 - FFmpeg: [hevc @ 000001BCF853CD00] {9947ec6f-689b-11dc-a320-0019dbbc4184} 103 106
00:00:12 - FFmpeg: [hevc @ 000001BCF853CD00] {33fcfe41-de46-4a49-861b-ac71110649d5} 103 106 107
00:00:12 - FFmpeg: [hevc @ 000001BCF853CD00] {463707f8-a1d0-4585-876d-83aa6d60b89e} 103 106
00:00:12 - FFmpeg: [hevc @ 000001BCF853CD00] {a4c749ef-6ecf-48aa-8448-50a7a1165ff7} 104 106
00:00:12 - FFmpeg: [hevc @ 000001BCF853CD00] {dda19dc7-93b5-49f5-a9b3-2bda28a2ce6e} 104 106
00:00:12 - FFmpeg: [hevc @ 000001BCF853CD00] {b8be4ccb-cf53-46ba-8d59-d6b8a6da5d2a} 103 104 106
00:00:12 - FFmpeg: [hevc @ 000001BCF853CD00] {6affd11e-1d96-42b1-a215-93a31f09a53d} 103 106
00:00:12 - FFmpeg: [hevc @ 000001BCF853CD00] {914c84a3-4078-4fa9-984c-e2f262cb5c9c} 103 106
00:00:12 - FFmpeg: [hevc @ 000001BCF853CD00] {8a1a1031-29bc-46d0-a007-e9b092ca6767} 103 106
00:00:12 - FFmpeg: [hevc @ 000001BCF853CD00] Output frame with POC 3.
00:00:12 - SDL Info (0): Detected GPU 0: NVIDIA GeForce RTX 4070 SUPER (10de:2783)
00:00:12 - SDL Info (0): Decoder texture access: copy (fence: no)
00:00:12 - Qt Info: Found "d3d11_vertex.fxc" at ":/data/d3d11_vertex.fxc"
00:00:12 - Qt Info: Found "d3d11_overlay_pixel.fxc" at ":/data/d3d11_overlay_pixel.fxc"
00:00:12 - Qt Info: Found "d3d11_genyuv_pixel.fxc" at ":/data/d3d11_genyuv_pixel.fxc"
00:00:12 - Qt Info: Found "d3d11_bt601lim_pixel.fxc" at ":/data/d3d11_bt601lim_pixel.fxc"
00:00:12 - Qt Info: Found "d3d11_bt2020lim_pixel.fxc" at ":/data/d3d11_bt2020lim_pixel.fxc"
00:00:12 - Qt Info: Found "d3d11_ayuv_pixel.fxc" at ":/data/d3d11_ayuv_pixel.fxc"
00:00:12 - Qt Info: Found "d3d11_y410_pixel.fxc" at ":/data/d3d11_y410_pixel.fxc"
00:00:12 - SDL Info (0): Frame pacing: target 360 Hz with 60 FPS stream
00:00:12 - SDL Info (0): Using D3D11VA accelerated renderer
00:00:12 - SDL Info (0): FFmpeg-based video decoder chosen
00:00:12 - SDL Info (0): Monitor changed: \\.\DISPLAY1 360 Hz
00:00:12 - SDL Info (0): Dropping window event during flush: 6 (1920 1080)
00:00:12 - SDL Info (0): IDR frame request sent
00:00:12 - SDL Info (0): Received first video packet after 500 ms
00:00:12 - SDL Info (0): Leaving speculative RFI mode after OOS video data at frame 1
00:00:12 - FFmpeg: [hevc @ 000001BCF853B700] nal_unit_type: 32(VPS), nuh_layer_id: 0, temporal_id: 0
00:00:12 - FFmpeg: [hevc @ 000001BCF853B700] nal_unit_type: 33(SPS), nuh_layer_id: 0, temporal_id: 0
00:00:12 - FFmpeg: [hevc @ 000001BCF853B700] nal_unit_type: 34(PPS), nuh_layer_id: 0, temporal_id: 0
00:00:12 - FFmpeg: [hevc @ 000001BCF853B700] nal_unit_type: 19(IDR_W_RADL), nuh_layer_id: 0, temporal_id: 0
00:00:12 - FFmpeg: [hevc @ 000001BCF853B700] Decoding VPS
00:00:12 - FFmpeg: [hevc @ 000001BCF853B700] Main profile bitstream
00:00:12 - FFmpeg: [hevc @ 000001BCF853B700] Decoding SPS
00:00:12 - FFmpeg: [hevc @ 000001BCF853B700] Main profile bitstream
00:00:12 - FFmpeg: [hevc @ 000001BCF853B700] Decoding VUI
00:00:12 - FFmpeg: [hevc @ 000001BCF853B700] Decoding PPS
00:00:12 - FFmpeg: [hevc @ 000001BCF853B700] Format d3d11 chosen by get_format().
00:00:12 - FFmpeg: [hevc @ 000001BCF853B700] Format d3d11 requires hwaccel hevc_d3d11va2 initialisation.
00:00:12 - FFmpeg: [hevc @ 000001BCF853B700] Decoder GUIDs reported as supported:
00:00:12 - FFmpeg: [hevc @ 000001BCF853B700] {86695f12-340e-4f04-9fd3-9253dd327460} 103 106
00:00:12 - FFmpeg: [hevc @ 000001BCF853B700] {ee27417f-5e28-4e65-beea-1d26b508adc9} 103 106
00:00:12 - FFmpeg: [hevc @ 000001BCF853B700] {6f3ec719-3735-42cc-8063-65cc3cb36616} 103 106
00:00:12 - FFmpeg: [hevc @ 000001BCF853B700] {1b81bea4-a0c7-11d3-b984-00c04f2e73c5} 103 106
00:00:12 - FFmpeg: [hevc @ 000001BCF853B700] {1b81bea3-a0c7-11d3-b984-00c04f2e73c5} 103 106
00:00:12 - FFmpeg: [hevc @ 000001BCF853B700] {32fcfe3f-de46-4a49-861b-ac71110649d5} 103 106
00:00:12 - FFmpeg: [hevc @ 000001BCF853B700] {d79be8da-0cf1-4c81-b82a-69a4e236f43d} 103 106
00:00:12 - FFmpeg: [hevc @ 000001BCF853B700] {f9aaccbb-c2b6-4cfc-8779-5707b1760552} 103 106
00:00:12 - FFmpeg: [hevc @ 000001BCF853B700] {1b81be68-a0c7-11d3-b984-00c04f2e73c5} 103 106
00:00:12 - FFmpeg: [hevc @ 000001BCF853B700] {5b11d51b-2f4c-4452-bcc3-09f2a1160cc0} 103 106
00:00:12 - FFmpeg: [hevc @ 000001BCF853B700] {107af0e0-ef1a-4d19-aba8-67a163073d13} 104 106
00:00:12 - FFmpeg: [hevc @ 000001BCF853B700] {1a72925f-0c2c-4f15-96fb-b17d1473603f} 104 106
00:00:12 - FFmpeg: [hevc @ 000001BCF853B700] {15df9b21-06c4-47f1-841e-a67c97d7f312} 103 106
00:00:12 - FFmpeg: [hevc @ 000001BCF853B700] {4008018f-f537-4b36-98cf-61af8a2c1a33} 100 106
00:00:12 - FFmpeg: [hevc @ 000001BCF853B700] {0dabeffa-4458-4602-bc03-0795659d617c} 101 106
00:00:12 - FFmpeg: [hevc @ 000001BCF853B700] {9798634d-fe9d-48e5-b4da-dbec45b3df01} 102 106
00:00:12 - FFmpeg: [hevc @ 000001BCF853B700] {efd64d74-c9e8-41d7-a5e9-e9b0e39fa319} 103 106
00:00:12 - FFmpeg: [hevc @ 000001BCF853B700] {ed418a9f-010d-4eda-9ae3-9a65358d8d2e} 103 106
00:00:12 - FFmpeg: [hevc @ 000001BCF853B700] {9947ec6f-689b-11dc-a320-0019dbbc4184} 103 106
00:00:12 - FFmpeg: [hevc @ 000001BCF853B700] {33fcfe41-de46-4a49-861b-ac71110649d5} 103 106 107
00:00:12 - FFmpeg: [hevc @ 000001BCF853B700] {463707f8-a1d0-4585-876d-83aa6d60b89e} 103 106
00:00:12 - FFmpeg: [hevc @ 000001BCF853B700] {a4c749ef-6ecf-48aa-8448-50a7a1165ff7} 104 106
00:00:12 - FFmpeg: [hevc @ 000001BCF853B700] {dda19dc7-93b5-49f5-a9b3-2bda28a2ce6e} 104 106
00:00:12 - FFmpeg: [hevc @ 000001BCF853B700] {b8be4ccb-cf53-46ba-8d59-d6b8a6da5d2a} 103 104 106
00:00:12 - FFmpeg: [hevc @ 000001BCF853B700] {6affd11e-1d96-42b1-a215-93a31f09a53d} 103 106
00:00:12 - FFmpeg: [hevc @ 000001BCF853B700] {914c84a3-4078-4fa9-984c-e2f262cb5c9c} 103 106
00:00:12 - FFmpeg: [hevc @ 000001BCF853B700] {8a1a1031-29bc-46d0-a007-e9b092ca6767} 103 106
00:00:12 - FFmpeg: [hevc @ 000001BCF853B700] Output frame with POC 0.
00:00:13 - SDL Info (0): Leaving fast audio recovery mode after OOS audio data (143 < 144)
00:00:13 - Qt Info: Discord integration ready for user: .feehzera
00:00:34 - SDL Info (0): Unable to recover audio data block 4408 to 4411 (3+0=3 received < 4 needed)
00:00:34 - SDL Info (0): Network dropped audio data (expected 4411, but received 4412)
00:00:35 - SDL Info (0): Unable to recover audio data block 4696 to 4699 (2+1=3 received < 4 needed)
00:00:35 - SDL Info (0): Network dropped audio data (expected 4698, but received 4700)
00:00:42 - SDL Info (0): Quit event received
00:00:42 - SDL Info (0): Global video stats
00:00:42 - SDL Info (0): ----------------------------------------------------------
Incoming frame rate from network: 55.61 FPS
Decoding frame rate: 55.61 FPS
Rendering frame rate: 55.41 FPS
Host processing latency min/max/average: 3.0/12.7/5.1 ms
Frames dropped by your network connection: 0.00%
Frames dropped due to network jitter: 0.37%
Average network latency: 16 ms (variance: 0 ms)
Average decoding time: 0.13 ms
Average frame queue delay: 1.47 ms
Average rendering time (including monitor V-sync latency): 0.26 ms
00:00:42 - SDL Info (0): Stopping input stream...
00:00:42 - SDL Info (0): done
00:00:42 - SDL Info (0): Stopping audio stream...
00:00:42 - SDL Info (0): ENet wait interrupted
00:00:42 - SDL Info (0): Control stream connection failed: 10004
00:00:42 - SDL Info (0): done
00:00:42 - SDL Info (0): Stopping video stream...
00:00:42 - SDL Info (0): done
00:00:42 - SDL Info (0): Stopping control stream...
00:00:42 - Qt Info: Found "gamecontrollerdb.txt" at "C:/Users/filip/Desktop/Vectra/src/dependence/MoonlightPortable-x64-6.1.0/cache/gamecontrollerdb.txt"
00:00:42 - SDL Info (0): Loaded 574 new gamepad mappings
00:00:42 - SDL Info (0): ENet peer acknowledged disconnection
00:00:42 - SDL Info (0): done
00:00:42 - SDL Info (0): Cleaning up input stream...
00:00:42 - SDL Info (0): done
00:00:42 - SDL Info (0): Cleaning up video stream...
00:00:42 - SDL Info (0): done
00:00:42 - SDL Info (0): Cleaning up control stream...
00:00:42 - SDL Info (0): done
00:00:42 - SDL Info (0): Cleaning up audio stream...
00:00:42 - SDL Info (0): done
00:00:42 - SDL Info (0): Cleaning up platform...
00:00:42 - SDL Info (0): done
