00:00:00 - Qt Info: Removing old log file: "Moonlight-1781732063.log"
00:00:00 - Qt Warning: SetProcessDpiAwarenessContext() failed: A operação foi concluída com êxito.
Qt's default DPI awareness context is DPI_AWARENESS_CONTEXT_PER_MONITOR_AWARE_V2. If you know what you are doing, you can overwrite this default using qt.conf (https://doc.qt.io/qt-6/highdpi.html#configuring-windows).
00:00:00 - SDL Info (0): Compiled with SDL 2.31.0
00:00:00 - SDL Info (0): Running with SDL 2.31.0
00:00:00 - Qt Info: Successfully loaded translation for "pt_BR"
00:00:00 - Qt Warning: qrc:/gui/main.qml:13:1: QML ApplicationWindow: ToolTip must be attached to an Item
00:00:00 - Qt Info: Found "gamecontrollerdb.txt" at "C:/Users/filip/Desktop/Vectra/src/dependence/MoonlightPortable-x64-6.1.0/cache/gamecontrollerdb.txt"
00:00:00 - SDL Info (0): Loaded 574 new gamepad mappings
00:00:00 - SDL Info (0): V-sync disabled
00:00:00 - SDL Info (0): Detected GPU 0: NVIDIA GeForce RTX 4070 SUPER (10de:2783)
00:00:00 - SDL Info (0): Decoder texture access: copy (fence: no)
00:00:00 - Qt Info: Found "d3d11_vertex.fxc" at ":/data/d3d11_vertex.fxc"
00:00:00 - Qt Info: Found "d3d11_overlay_pixel.fxc" at ":/data/d3d11_overlay_pixel.fxc"
00:00:00 - Qt Info: Found "d3d11_genyuv_pixel.fxc" at ":/data/d3d11_genyuv_pixel.fxc"
00:00:00 - Qt Info: Found "d3d11_bt601lim_pixel.fxc" at ":/data/d3d11_bt601lim_pixel.fxc"
00:00:00 - Qt Info: Found "d3d11_bt2020lim_pixel.fxc" at ":/data/d3d11_bt2020lim_pixel.fxc"
00:00:00 - Qt Info: Found "d3d11_ayuv_pixel.fxc" at ":/data/d3d11_ayuv_pixel.fxc"
00:00:00 - Qt Info: Found "d3d11_y410_pixel.fxc" at ":/data/d3d11_y410_pixel.fxc"
00:00:00 - SDL Info (0): Using D3D11VA accelerated renderer
00:00:00 - FFmpeg: [hevc @ 0000016439060380] nal_unit_type: 32(VPS), nuh_layer_id: 0, temporal_id: 0
00:00:00 - FFmpeg: [hevc @ 0000016439060380] nal_unit_type: 33(SPS), nuh_layer_id: 0, temporal_id: 0
00:00:00 - FFmpeg: [hevc @ 0000016439060380] nal_unit_type: 34(PPS), nuh_layer_id: 0, temporal_id: 0
00:00:00 - FFmpeg: [hevc @ 0000016439060380] nal_unit_type: 21(CRA_NUT), nuh_layer_id: 0, temporal_id: 0
00:00:00 - FFmpeg: [hevc @ 0000016439060380] nal_unit_type: 21(CRA_NUT), nuh_layer_id: 0, temporal_id: 0
00:00:00 - FFmpeg: [hevc @ 0000016439060380] nal_unit_type: 21(CRA_NUT), nuh_layer_id: 0, temporal_id: 0
00:00:00 - FFmpeg: [hevc @ 0000016439060380] nal_unit_type: 21(CRA_NUT), nuh_layer_id: 0, temporal_id: 0
00:00:00 - FFmpeg: [hevc @ 0000016439060380] Decoding VPS
00:00:00 - FFmpeg: [hevc @ 0000016439060380] Main 10 profile bitstream
00:00:00 - FFmpeg: [hevc @ 0000016439060380] Decoding SPS
00:00:00 - FFmpeg: [hevc @ 0000016439060380] Main 10 profile bitstream
00:00:00 - FFmpeg: [hevc @ 0000016439060380] Decoding VUI
00:00:00 - FFmpeg: [hevc @ 0000016439060380] Decoding PPS
00:00:00 - FFmpeg: [hevc @ 0000016439060380] Format d3d11 chosen by get_format().
00:00:00 - FFmpeg: [hevc @ 0000016439060380] Format d3d11 requires hwaccel hevc_d3d11va2 initialisation.
00:00:00 - FFmpeg: [hevc @ 0000016439060380] Decoder GUIDs reported as supported:
00:00:00 - FFmpeg: [hevc @ 0000016439060380] {86695f12-340e-4f04-9fd3-9253dd327460} 103 106
00:00:00 - FFmpeg: [hevc @ 0000016439060380] {ee27417f-5e28-4e65-beea-1d26b508adc9} 103 106
00:00:00 - FFmpeg: [hevc @ 0000016439060380] {6f3ec719-3735-42cc-8063-65cc3cb36616} 103 106
00:00:00 - FFmpeg: [hevc @ 0000016439060380] {1b81bea4-a0c7-11d3-b984-00c04f2e73c5} 103 106
00:00:00 - FFmpeg: [hevc @ 0000016439060380] {1b81bea3-a0c7-11d3-b984-00c04f2e73c5} 103 106
00:00:00 - FFmpeg: [hevc @ 0000016439060380] {32fcfe3f-de46-4a49-861b-ac71110649d5} 103 106
00:00:00 - FFmpeg: [hevc @ 0000016439060380] {d79be8da-0cf1-4c81-b82a-69a4e236f43d} 103 106
00:00:00 - FFmpeg: [hevc @ 0000016439060380] {f9aaccbb-c2b6-4cfc-8779-5707b1760552} 103 106
00:00:00 - FFmpeg: [hevc @ 0000016439060380] {1b81be68-a0c7-11d3-b984-00c04f2e73c5} 103 106
00:00:00 - FFmpeg: [hevc @ 0000016439060380] {5b11d51b-2f4c-4452-bcc3-09f2a1160cc0} 103 106
00:00:00 - FFmpeg: [hevc @ 0000016439060380] {107af0e0-ef1a-4d19-aba8-67a163073d13} 104 106
00:00:00 - FFmpeg: [hevc @ 0000016439060380] {1a72925f-0c2c-4f15-96fb-b17d1473603f} 104 106
00:00:00 - FFmpeg: [hevc @ 0000016439060380] {15df9b21-06c4-47f1-841e-a67c97d7f312} 103 106
00:00:00 - FFmpeg: [hevc @ 0000016439060380] {4008018f-f537-4b36-98cf-61af8a2c1a33} 100 106
00:00:00 - FFmpeg: [hevc @ 0000016439060380] {0dabeffa-4458-4602-bc03-0795659d617c} 101 106
00:00:00 - FFmpeg: [hevc @ 0000016439060380] {9798634d-fe9d-48e5-b4da-dbec45b3df01} 102 106
00:00:00 - FFmpeg: [hevc @ 0000016439060380] {efd64d74-c9e8-41d7-a5e9-e9b0e39fa319} 103 106
00:00:00 - FFmpeg: [hevc @ 0000016439060380] {ed418a9f-010d-4eda-9ae3-9a65358d8d2e} 103 106
00:00:00 - FFmpeg: [hevc @ 0000016439060380] {9947ec6f-689b-11dc-a320-0019dbbc4184} 103 106
00:00:00 - FFmpeg: [hevc @ 0000016439060380] {33fcfe41-de46-4a49-861b-ac71110649d5} 103 106 107
00:00:00 - FFmpeg: [hevc @ 0000016439060380] {463707f8-a1d0-4585-876d-83aa6d60b89e} 103 106
00:00:00 - FFmpeg: [hevc @ 0000016439060380] {a4c749ef-6ecf-48aa-8448-50a7a1165ff7} 104 106
00:00:00 - FFmpeg: [hevc @ 0000016439060380] {dda19dc7-93b5-49f5-a9b3-2bda28a2ce6e} 104 106
00:00:00 - FFmpeg: [hevc @ 0000016439060380] {b8be4ccb-cf53-46ba-8d59-d6b8a6da5d2a} 103 104 106
00:00:00 - FFmpeg: [hevc @ 0000016439060380] {6affd11e-1d96-42b1-a215-93a31f09a53d} 103 106
00:00:00 - FFmpeg: [hevc @ 0000016439060380] {914c84a3-4078-4fa9-984c-e2f262cb5c9c} 103 106
00:00:00 - FFmpeg: [hevc @ 0000016439060380] {8a1a1031-29bc-46d0-a007-e9b092ca6767} 103 106
00:00:00 - FFmpeg: [hevc @ 0000016439060380] Output frame with POC 3.
00:00:00 - SDL Info (0): FFmpeg-based video decoder chosen
00:00:00 - Qt Info: Found "gamecontrollerdb.txt" at "C:/Users/filip/Desktop/Vectra/src/dependence/MoonlightPortable-x64-6.1.0/cache/gamecontrollerdb.txt"
00:00:00 - SDL Info (0): Loaded 574 new gamepad mappings
00:00:00 - Qt Debug: Current Moonlight version: "6.1.0"
00:00:00 - Qt Info: qrc:/gui/PcView.qml: Objeto ou contexto destruído durante a incubação
00:00:00 - Qt Info: "familia" is now online at "100.90.54.100:47989"
00:00:01 - Qt Info: Latest supported GFE server: "99.99.99.99"
00:00:01 - Qt Info: Gamepad mappings are up to date
00:00:01 - Qt Info: "Pedro" is now online at "100.102.133.24:47989"
00:00:01 - Qt Debug: Found update manifest match for current platform
00:00:01 - Qt Debug: Latest version of Moonlight for this platform is: "6.1.0"
00:00:01 - Qt Debug: Update manifest version equal to current version
00:00:39 - Qt Warning: Retrying to obtain clipboard.
00:00:39 - Qt Warning: Retrying to obtain clipboard.
